{
  "version": "1.5.0",
  "plugins_used": [
    {
      "name": "ArtifactoryDetector"
    },
    {
      "name": "AWSKeyDetector"
    },
    {
      "name": "AzureStorageKeyDetector"
    },
    {
      "name": "Base64HighEntropyString",
      "limit": 4.5
    },
    {
      "name": "BasicAuthDetector"
    },
    {
      "name": "CloudantDetector"
    },
    {
      "name": "DiscordBotTokenDetector"
    },
    {
      "name": "GitHubTokenDetector"
    },
    {
      "name": "GitLabTokenDetector"
    },
    {
      "name": "HexHighEntropyString",
      "limit": 3.0
    },
    {
      "name": "IbmCloudIamDetector"
    },
    {
      "name": "IbmCosHmacDetector"
    },
    {
      "name": "IPPublicDetector"
    },
    {
      "name": "JwtTokenDetector"
    },
    {
      "name": "KeywordDetector",
      "keyword_exclude": ""
    },
    {
      "name": "MailchimpDetector"
    },
    {
      "name": "NpmDetector"
    },
    {
      "name": "OpenAIDetector"
    },
    {
      "name": "PrivateKeyDetector"
    },
    {
      "name": "PypiTokenDetector"
    },
    {
      "name": "SendGridDetector"
    },
    {
      "name": "SlackDetector"
    },
    {
      "name": "SoftlayerDetector"
    },
    {
      "name": "SquareOAuthDetector"
    },
    {
      "name": "StripeDetector"
    },
    {
      "name": "TelegramBotTokenDetector"
    },
    {
      "name": "TwilioKeyDetector"
    }
  ],
  "filters_used": [
    {
      "path": "detect_secrets.filters.allowlist.is_line_allowlisted"
    },
    {
      "path": "detect_secrets.filters.common.is_ignored_due_to_verification_policies",
      "min_level": 2
    },
    {
      "path": "detect_secrets.filters.heuristic.is_indirect_reference"
    },
    {
      "path": "detect_secrets.filters.heuristic.is_likely_id_string"
    },
    {
      "path": "detect_secrets.filters.heuristic.is_lock_file"
    },
    {
      "path": "detect_secrets.filters.heuristic.is_not_alphanumeric_string"
    },
    {
      "path": "detect_secrets.filters.heuristic.is_potential_uuid"
    },
    {
      "path": "detect_secrets.filters.heuristic.is_prefixed_with_dollar_sign"
    },
    {
      "path": "detect_secrets.filters.heuristic.is_sequential_string"
    },
    {
      "path": "detect_secrets.filters.heuristic.is_swagger_file"
    },
    {
      "path": "detect_secrets.filters.heuristic.is_templated_secret"
    }
  ],
  "results": {
    ".sqlx/query-0a6b7e68bcbd67afd9f6bcb597bc7b450ffa1b437a1e7a6d739fbbd57e5be498.json": [
      {
        "type": "Hex High Entropy String",
        "filename": ".sqlx/query-0a6b7e68bcbd67afd9f6bcb597bc7b450ffa1b437a1e7a6d739fbbd57e5be498.json",
        "hashed_secret": "c00552167c5894c57d5563e7192217137203b845",
        "is_verified": false,
        "line_number": 57
      }
    ],
    ".sqlx/query-0c84e9e9e1c395cd292d5c94ec48916aab0b4f898ab934ccbeccbf463b120691.json": [
      {
        "type": "Hex High Entropy String",
        "filename": ".sqlx/query-0c84e9e9e1c395cd292d5c94ec48916aab0b4f898ab934ccbeccbf463b120691.json",
        "hashed_secret": "e5497f9231e008aca2bdc7a1879b8e305bd3bdf7",
        "is_verified": false,
        "line_number": 67
      }
    ],
    ".sqlx/query-131b9f8d38dfe6215ea7c4fc98d18e053178ec9b8670e65ba396c7fe1a787b1d.json": [
      {
        "type": "Hex High Entropy String",
        "filename": ".sqlx/query-131b9f8d38dfe6215ea7c4fc98d18e053178ec9b8670e65ba396c7fe1a787b1d.json",
        "hashed_secret": "d37f05d04fbe3659b61a8217bdb53e9de958efff",
        "is_verified": false,
        "line_number": 21
      }
    ],
    ".sqlx/query-1d19ee3a1c0ac2fc5436e69b2e301f0ee462ed1e4197804612643514a9a770f5.json": [
      {
        "type": "Hex High Entropy String",
        "filename": ".sqlx/query-1d19ee3a1c0ac2fc5436e69b2e301f0ee462ed1e4197804612643514a9a770f5.json",
        "hashed_secret": "a33596eb0deee97bcbfb8118ad43f5075752fe57",
        "is_verified": false,
        "line_number": 29
      }
    ],
    ".sqlx/query-1dea0d2a3aed69df0c42ff4338c4cf47cc274976c08a405114e4ca0695a2208c.json": [
      {
        "type": "Hex High Entropy String",
        "filename": ".sqlx/query-1dea0d2a3aed69df0c42ff4338c4cf47cc274976c08a405114e4ca0695a2208c.json",
        "hashed_secret": "68d0853faf8bb8553b12f330e6479526de5f470c",
        "is_verified": false,
        "line_number": 51
      }
    ],
    ".sqlx/query-257aee0dd9210784ccfccdd43964725213079e11bac7a715910625164adb2dad.json": [
      {
        "type": "Hex High Entropy String",
        "filename": ".sqlx/query-257aee0dd9210784ccfccdd43964725213079e11bac7a715910625164adb2dad.json",
        "hashed_secret": "5acfd0c3bbaf19abe57d2f9d13aacde1a769e8a5",
        "is_verified": false,
        "line_number": 21
      }
    ],
    ".sqlx/query-291d7f31f0a7fbe3066c943678a004e89c9009d5658251984187b20d78354236.json": [
      {
        "type": "Hex High Entropy String",
        "filename": ".sqlx/query-291d7f31f0a7fbe3066c943678a004e89c9009d5658251984187b20d78354236.json",
        "hashed_secret": "e7c1c4393143a7c13774fa596088bc065874d0f8",
        "is_verified": false,
        "line_number": 13
      }
    ],
    ".sqlx/query-333293f96eef8fe8a54f492168ba18ffb4b75ea1457e1d092e32abbf2610cc77.json": [
      {
        "type": "Hex High Entropy String",
        "filename": ".sqlx/query-333293f96eef8fe8a54f492168ba18ffb4b75ea1457e1d092e32abbf2610cc77.json",
        "hashed_secret": "244dafcd2bfcf505c01796a268b115bd33669a6a",
        "is_verified": false,
        "line_number": 13
      }
    ],
    ".sqlx/query-350d57dafdd00f3f56efcf749d7fb284891d00363ad7770507b78fd6e0dc1388.json": [
      {
        "type": "Hex High Entropy String",
        "filename": ".sqlx/query-350d57dafdd00f3f56efcf749d7fb284891d00363ad7770507b78fd6e0dc1388.json",
        "hashed_secret": "dcf3d3c66543ebacb3c89e50935f04113dfad69f",
        "is_verified": false,
        "line_number": 28
      }
    ],
    ".sqlx/query-3eb6d7fd83c47a03833d848f84b379ca3800b229bdd4f4dd4a53874c0161f85c.json": [
      {
        "type": "Hex High Entropy String",
        "filename": ".sqlx/query-3eb6d7fd83c47a03833d848f84b379ca3800b229bdd4f4dd4a53874c0161f85c.json",
        "hashed_secret": "d79f192a1de3fac338292b6203d85cc4a6fb34ec",
        "is_verified": false,
        "line_number": 13
      }
    ],
    ".sqlx/query-41165dedc9a5f1faa3bd64c1798e7eae336b9823f993e88c39e49a9f2e55b16f.json": [
      {
        "type": "Hex High Entropy String",
        "filename": ".sqlx/query-41165dedc9a5f1faa3bd64c1798e7eae336b9823f993e88c39e49a9f2e55b16f.json",
        "hashed_secret": "88cd24bff72c991b8fa338aa92a0662c6b59df9a",
        "is_verified": false,
        "line_number": 33
      }
    ],
    ".sqlx/query-43713f09e2236a771346d2a438cbb8e9659b476cd7e1c63a5cfc3fd086b07cd4.json": [
      {
        "type": "Hex High Entropy String",
        "filename": ".sqlx/query-43713f09e2236a771346d2a438cbb8e9659b476cd7e1c63a5cfc3fd086b07cd4.json",
        "hashed_secret": "1574881925e17134bc388cf3ccaf308f49545024",
        "is_verified": false,
        "line_number": 28
      }
    ],
    ".sqlx/query-44c8207f24825816b4f80c36b845afcab3f1ce429990cc1e84f965b468e16798.json": [
      {
        "type": "Hex High Entropy String",
        "filename": ".sqlx/query-44c8207f24825816b4f80c36b845afcab3f1ce429990cc1e84f965b468e16798.json",
        "hashed_secret": "88d2cd6511ebb6b1cd0679ad16ffd559e0e36dde",
        "is_verified": false,
        "line_number": 13
      }
    ],
    ".sqlx/query-535458040f62285f41cecfc917698c76a349a9118460a8a87aae25eb477039fe.json": [
      {
        "type": "Hex High Entropy String",
        "filename": ".sqlx/query-535458040f62285f41cecfc917698c76a349a9118460a8a87aae25eb477039fe.json",
        "hashed_secret": "1c28cc09de466f8ddb982f8983f132e35e548cf6",
        "is_verified": false,
        "line_number": 15
      }
    ],
    ".sqlx/query-536f3c2c762edc5675dd5a4a4cdacac3c034232382441bcfad3421257b23492f.json": [
      {
        "type": "Hex High Entropy String",
        "filename": ".sqlx/query-536f3c2c762edc5675dd5a4a4cdacac3c034232382441bcfad3421257b23492f.json",
        "hashed_secret": "faa7cead47f7c6ceb371bc6470d3111309e9c1bd",
        "is_verified": false,
        "line_number": 14
      }
    ],
    ".sqlx/query-560b8d21b51b6e14bcc708a3ca1bdd9b1c7bc003ed57dc31b53d74971dc668c0.json": [
      {
        "type": "Hex High Entropy String",
        "filename": ".sqlx/query-560b8d21b51b6e14bcc708a3ca1bdd9b1c7bc003ed57dc31b53d74971dc668c0.json",
        "hashed_secret": "801fe97240c5f4d8d5a20bd5b0fa21d2552f8c0d",
        "is_verified": false,
        "line_number": 31
      }
    ],
    ".sqlx/query-5ba0f55ee262356701b1cec47c2b7d89ceab9b20efb3313cdb838b9d3b9edbc0.json": [
      {
        "type": "Hex High Entropy String",
        "filename": ".sqlx/query-5ba0f55ee262356701b1cec47c2b7d89ceab9b20efb3313cdb838b9d3b9edbc0.json",
        "hashed_secret": "32019416298bfd255ea8627a2c2292b4c82360bc",
        "is_verified": false,
        "line_number": 19
      }
    ],
    ".sqlx/query-5dafecc9a3f2da3c5f31e248bb5c4de9ceaf2d7abca0467a0467906270130cd2.json": [
      {
        "type": "Hex High Entropy String",
        "filename": ".sqlx/query-5dafecc9a3f2da3c5f31e248bb5c4de9ceaf2d7abca0467a0467906270130cd2.json",
        "hashed_secret": "51ada3b953c27e43934a5f6caad0c9f5240162b6",
        "is_verified": false,
        "line_number": 37
      }
    ],
    ".sqlx/query-6162219a74c1a98898d9b9de93daba0776fa7126f4fce18421e62fbfcd48a003.json": [
      {
        "type": "Hex High Entropy String",
        "filename": ".sqlx/query-6162219a74c1a98898d9b9de93daba0776fa7126f4fce18421e62fbfcd48a003.json",
        "hashed_secret": "120fa71b823a756f995c75f07606a6d1e3189527",
        "is_verified": false,
        "line_number": 21
      }
    ],
    ".sqlx/query-68d6303136fea440f027dfb9bae2434ea848cc4531ef902de8cff362c8a08813.json": [
      {
        "type": "Hex High Entropy String",
        "filename": ".sqlx/query-68d6303136fea440f027dfb9bae2434ea848cc4531ef902de8cff362c8a08813.json",
        "hashed_secret": "d4ff748476947dfa2f70a4db2ab67328dd4395a1",
        "is_verified": false,
        "line_number": 50
      }
    ],
    ".sqlx/query-6b2dc101144bea418d35e93e02c75088f9ec287545daa03a08d3cfb76453c67f.json": [
      {
        "type": "Hex High Entropy String",
        "filename": ".sqlx/query-6b2dc101144bea418d35e93e02c75088f9ec287545daa03a08d3cfb76453c67f.json",
        "hashed_secret": "abb70500d2402850170cd599804ccc21d618eff6",
        "is_verified": false,
        "line_number": 22
      }
    ],
    ".sqlx/query-6c0b2b92883655d029b280656deeb78fafd609659882f52dcc3eca5299bab8e6.json": [
      {
        "type": "Hex High Entropy String",
        "filename": ".sqlx/query-6c0b2b92883655d029b280656deeb78fafd609659882f52dcc3eca5299bab8e6.json",
        "hashed_secret": "346f8277779965613c5156c3765b6628913af26a",
        "is_verified": false,
        "line_number": 14
      }
    ],
    ".sqlx/query-6dfa4894be501921870a8f98236a26044e9f1792ae6fb3376ff1401fa8144e4b.json": [
      {
        "type": "Hex High Entropy String",
        "filename": ".sqlx/query-6dfa4894be501921870a8f98236a26044e9f1792ae6fb3376ff1401fa8144e4b.json",
        "hashed_secret": "5c761af9b98ca7f8e26bea5e97291b5d70faa90f",
        "is_verified": false,
        "line_number": 14
      }
    ],
    ".sqlx/query-6fbbf60d3e6a287c22eb52048bcc6ba86f0350348de6ca98279eaea4e6b478c4.json": [
      {
        "type": "Hex High Entropy String",
        "filename": ".sqlx/query-6fbbf60d3e6a287c22eb52048bcc6ba86f0350348de6ca98279eaea4e6b478c4.json",
        "hashed_secret": "6b6ebdfae2d4a9ddec82d8b12f513d5f80f8b298",
        "is_verified": false,
        "line_number": 25
      }
    ],
    ".sqlx/query-7a5adb1e99f1948c42ac37b3f185b78c315f193345518d7a4a41f94f49dd0bc1.json": [
      {
        "type": "Hex High Entropy String",
        "filename": ".sqlx/query-7a5adb1e99f1948c42ac37b3f185b78c315f193345518d7a4a41f94f49dd0bc1.json",
        "hashed_secret": "4b2b327824e0a4397d8263b67ab054f7c0fc027b",
        "is_verified": false,
        "line_number": 22
      }
    ],
    ".sqlx/query-7c54f367298670a9fbc42084f7639a9442f07388afce648a204377d16b546bb3.json": [
      {
        "type": "Hex High Entropy String",
        "filename": ".sqlx/query-7c54f367298670a9fbc42084f7639a9442f07388afce648a204377d16b546bb3.json",
        "hashed_secret": "9d6b55a15abe78547134b92464f58c6f8e1d59a5",
        "is_verified": false,
        "line_number": 34
      }
    ],
    ".sqlx/query-7fb70ee74b38e7a306a046bd0e767302823a566988cc37a00aeb212dfe74d77a.json": [
      {
        "type": "Hex High Entropy String",
        "filename": ".sqlx/query-7fb70ee74b38e7a306a046bd0e767302823a566988cc37a00aeb212dfe74d77a.json",
        "hashed_secret": "10c87e20d0c81c9a0c1ccb2e425768d9ca920b32",
        "is_verified": false,
        "line_number": 14
      }
    ],
    ".sqlx/query-8b9001a064b96743e340ce8d52066f44fb45a8dfbb488a6e7e0dcaaa34a19881.json": [
      {
        "type": "Hex High Entropy String",
        "filename": ".sqlx/query-8b9001a064b96743e340ce8d52066f44fb45a8dfbb488a6e7e0dcaaa34a19881.json",
        "hashed_secret": "39e362d300835a4f435a75013eea9a3f471f7918",
        "is_verified": false,
        "line_number": 53
      }
    ],
    ".sqlx/query-914e90eae87a75abc3f5e928e904f51e7698c75bce77637c516ac426c8fdde99.json": [
      {
        "type": "Hex High Entropy String",
        "filename": ".sqlx/query-914e90eae87a75abc3f5e928e904f51e7698c75bce77637c516ac426c8fdde99.json",
        "hashed_secret": "374c0bf09441cf26c5388b5bfaf645aafc4e6775",
        "is_verified": false,
        "line_number": 45
      }
    ],
    ".sqlx/query-9db33910f4cdee1b119dcfc45e1a69998968921de2d62ee9765c77203811cf2b.json": [
      {
        "type": "Hex High Entropy String",
        "filename": ".sqlx/query-9db33910f4cdee1b119dcfc45e1a69998968921de2d62ee9765c77203811cf2b.json",
        "hashed_secret": "ca41e909e4c5d1ee9d7b873aa1d4475fd0def482",
        "is_verified": false,
        "line_number": 37
      }
    ],
    ".sqlx/query-a4a2b292bcd0ced183b98a3f569420a42afae0795dbe0bc5b41e2a89df471456.json": [
      {
        "type": "Hex High Entropy String",
        "filename": ".sqlx/query-a4a2b292bcd0ced183b98a3f569420a42afae0795dbe0bc5b41e2a89df471456.json",
        "hashed_secret": "f19909c8801336bc343169194b8c3d85980f6daf",
        "is_verified": false,
        "line_number": 28
      }
    ],
    ".sqlx/query-a8ac19f285d178f9bb3229721c99536403e70116d008594c3ae4b61b16b3ef40.json": [
      {
        "type": "Hex High Entropy String",
        "filename": ".sqlx/query-a8ac19f285d178f9bb3229721c99536403e70116d008594c3ae4b61b16b3ef40.json",
        "hashed_secret": "b37524b09b8958c3f11912e9970e77e250a42eb2",
        "is_verified": false,
        "line_number": 13
      }
    ],
    ".sqlx/query-adf9eabc199f829c5e28f4618f56ed52d6be7cb37cdabc8b1338d591c4683c44.json": [
      {
        "type": "Hex High Entropy String",
        "filename": ".sqlx/query-adf9eabc199f829c5e28f4618f56ed52d6be7cb37cdabc8b1338d591c4683c44.json",
        "hashed_secret": "21ce2ba9a52812cbe53960101a9ef74369e88b7b",
        "is_verified": false,
        "line_number": 28
      }
    ],
    ".sqlx/query-baa1f0bc5d811584fadf958c9f1ad805cea0c648f3670a1a2e514181b8e0b54e.json": [
      {
        "type": "Hex High Entropy String",
        "filename": ".sqlx/query-baa1f0bc5d811584fadf958c9f1ad805cea0c648f3670a1a2e514181b8e0b54e.json",
        "hashed_secret": "b9f8d87b3a0039865d3ecc27e6aecbc0ed90b07e",
        "is_verified": false,
        "line_number": 67
      }
    ],
    ".sqlx/query-bc3313a6706626b602e660f0ef11b355c4ffd3895512ba89d98dcb19500b4ca0.json": [
      {
        "type": "Hex High Entropy String",
        "filename": ".sqlx/query-bc3313a6706626b602e660f0ef11b355c4ffd3895512ba89d98dcb19500b4ca0.json",
        "hashed_secret": "8a532be147188d34ff74c4b89945077b5ddbd850",
        "is_verified": false,
        "line_number": 21
      }
    ],
    ".sqlx/query-bdcc3a385cf1351b59ff28fdcd42b9d2cee684a0aa771a55209fa8b5fd6934b3.json": [
      {
        "type": "Hex High Entropy String",
        "filename": ".sqlx/query-bdcc3a385cf1351b59ff28fdcd42b9d2cee684a0aa771a55209fa8b5fd6934b3.json",
        "hashed_secret": "ba362ecc3fa86295f6f697041f7234978306b4e0",
        "is_verified": false,
        "line_number": 44
      }
    ],
    ".sqlx/query-be49e7d200c7c9f0f2592bae5333f7ebc06876a5c90007b7791e5141a4f048a9.json": [
      {
        "type": "Hex High Entropy String",
        "filename": ".sqlx/query-be49e7d200c7c9f0f2592bae5333f7ebc06876a5c90007b7791e5141a4f048a9.json",
        "hashed_secret": "6dc056dd8db3c92c125e0fc5c01e447c9d00edb0",
        "is_verified": false,
        "line_number": 28
      }
    ],
    ".sqlx/query-cd944e2884a653b309fee92428e1ef6cff21fc174e23fce0c487a27502518f8b.json": [
      {
        "type": "Hex High Entropy String",
        "filename": ".sqlx/query-cd944e2884a653b309fee92428e1ef6cff21fc174e23fce0c487a27502518f8b.json",
        "hashed_secret": "5d56d9b57e38d331f48003c338ae33ea9ab3a32d",
        "is_verified": false,
        "line_number": 14
      }
    ],
    ".sqlx/query-d31867729fe3a3a00d4e92d607496f3f76850133b35a901e4f10d057a01c7ccc.json": [
      {
        "type": "Hex High Entropy String",
        "filename": ".sqlx/query-d31867729fe3a3a00d4e92d607496f3f76850133b35a901e4f10d057a01c7ccc.json",
        "hashed_secret": "d8e45078317b674b40568a69879421f027a980f6",
        "is_verified": false,
        "line_number": 53
      }
    ],
    ".sqlx/query-d6bc15a00410e7bbb8f3c805e2679b73fd68a277621f1e5162a0de3dfa355d9c.json": [
      {
        "type": "Hex High Entropy String",
        "filename": ".sqlx/query-d6bc15a00410e7bbb8f3c805e2679b73fd68a277621f1e5162a0de3dfa355d9c.json",
        "hashed_secret": "245bb56753ae26ba17a579bdd7185e7e85bcbba6",
        "is_verified": false,
        "line_number": 56
      }
    ],
    ".sqlx/query-de819284ca7f05fdc459c7d6e89b39d17975eab54419fa2e4fe77566c4e6a512.json": [
      {
        "type": "Hex High Entropy String",
        "filename": ".sqlx/query-de819284ca7f05fdc459c7d6e89b39d17975eab54419fa2e4fe77566c4e6a512.json",
        "hashed_secret": "245c1de6cd192bcd006ef01a08cf6a285b133c29",
        "is_verified": false,
        "line_number": 27
      }
    ],
    ".sqlx/query-e8bdddd01615ef3a35503bb771b972d0d2157b80b1cd5ef46a604d8258d0bd1a.json": [
      {
        "type": "Hex High Entropy String",
        "filename": ".sqlx/query-e8bdddd01615ef3a35503bb771b972d0d2157b80b1cd5ef46a604d8258d0bd1a.json",
        "hashed_secret": "435ab9077a63bc0363e1c7f243b86ac2e18779e4",
        "is_verified": false,
        "line_number": 46
      }
    ],
    ".sqlx/query-ea965563ab0b954a1dc2e7921533d38fee07dd4ade710c8d160d5dd878b06a7d.json": [
      {
        "type": "Hex High Entropy String",
        "filename": ".sqlx/query-ea965563ab0b954a1dc2e7921533d38fee07dd4ade710c8d160d5dd878b06a7d.json",
        "hashed_secret": "2e8d3a837acc15161b311892bd6c3012b4f84bae",
        "is_verified": false,
        "line_number": 14
      }
    ],
    ".sqlx/query-fe7b5f8a008cbbb5ea8fd8e1264e4f6f57690f4f8b325927752755528e505d4d.json": [
      {
        "type": "Hex High Entropy String",
        "filename": ".sqlx/query-fe7b5f8a008cbbb5ea8fd8e1264e4f6f57690f4f8b325927752755528e505d4d.json",
        "hashed_secret": "34c6eb7a712bf3f505695ec56cab6292d9a6701f",
        "is_verified": false,
        "line_number": 34
      }
    ]
  },
  "generated_at": "2024-10-05T00:46:56Z"
}
